   0/855 [>---------------------------]   0%
   5/855 [>---------------------------]   0%
  10/855 [>---------------------------]   1%
  15/855 [>---------------------------]   1%
  20/855 [>---------------------------]   2%
  25/855 [>---------------------------]   2%
  28/855 [>---------------------------]   3%
  33/855 [=>--------------------------]   3%
  37/855 [=>--------------------------]   4%
  41/855 [=>--------------------------]   4%
  45/855 [=>--------------------------]   5%
  50/855 [=>--------------------------]   5%
  54/855 [=>--------------------------]   6%
  58/855 [=>--------------------------]   6%
  63/855 [==>-------------------------]   7%
  68/855 [==>-------------------------]   7%
  73/855 [==>-------------------------]   8%
  78/855 [==>-------------------------]   9%
  82/855 [==>-------------------------]   9%
  86/855 [==>-------------------------]  10%
  90/855 [==>-------------------------]  10%
  94/855 [===>------------------------]  10%
  98/855 [===>------------------------]  11%
 103/855 [===>------------------------]  12%
 107/855 [===>------------------------]  12%
 112/855 [===>------------------------]  13%
 116/855 [===>------------------------]  13%
 120/855 [===>------------------------]  14%
 124/855 [====>-----------------------]  14%
 129/855 [====>-----------------------]  15%
 134/855 [====>-----------------------]  15%
 138/855 [====>-----------------------]  16%
 143/855 [====>-----------------------]  16%
 147/855 [====>-----------------------]  17%
 151/855 [====>-----------------------]  17%
 155/855 [=====>----------------------]  18%
 158/855 [=====>----------------------]  18%
 161/855 [=====>----------------------]  18%
 166/855 [=====>----------------------]  19%
 170/855 [=====>----------------------]  19%
 171/855 [=====>----------------------]  20%
 175/855 [=====>----------------------]  20%
 178/855 [=====>----------------------]  20%
 180/855 [=====>----------------------]  21%
 182/855 [=====>----------------------]  21%
 185/855 [======>---------------------]  21%
 187/855 [======>---------------------]  21%
 190/855 [======>---------------------]  22%
 194/855 [======>---------------------]  22%
 198/855 [======>---------------------]  23%
 203/855 [======>---------------------]  23%
 207/855 [======>---------------------]  24%
 211/855 [======>---------------------]  24%
 216/855 [=======>--------------------]  25%
 220/855 [=======>--------------------]  25%
 223/855 [=======>--------------------]  26%
 226/855 [=======>--------------------]  26%
 230/855 [=======>--------------------]  26%
 234/855 [=======>--------------------]  27%
 237/855 [=======>--------------------]  27%
 240/855 [=======>--------------------]  28%
 242/855 [=======>--------------------]  28%
 245/855 [========>-------------------]  28%
 248/855 [========>-------------------]  29%
 252/855 [========>-------------------]  29%
 256/855 [========>-------------------]  29%
 257/855 [========>-------------------]  30%
 261/855 [========>-------------------]  30%
 265/855 [========>-------------------]  30%
 269/855 [========>-------------------]  31%
 272/855 [========>-------------------]  31%
 276/855 [=========>------------------]  32%
 280/855 [=========>------------------]  32%
 284/855 [=========>------------------]  33%
 288/855 [=========>------------------]  33%
 292/855 [=========>------------------]  34%
 296/855 [=========>------------------]  34%
 300/855 [=========>------------------]  35%
 303/855 [=========>------------------]  35%
 306/855 [==========>-----------------]  35%
 309/855 [==========>-----------------]  36%
 312/855 [==========>-----------------]  36%
 317/855 [==========>-----------------]  37%
 322/855 [==========>-----------------]  37%
 327/855 [==========>-----------------]  38%
 332/855 [==========>-----------------]  38%
 336/855 [===========>----------------]  39%
 340/855 [===========>----------------]  39%
 342/855 [===========>----------------]  40%
 346/855 [===========>----------------]  40%
 350/855 [===========>----------------]  40%
 355/855 [===========>----------------]  41%
 359/855 [===========>----------------]  41%
 363/855 [===========>----------------]  42%
 367/855 [============>---------------]  42%
 371/855 [============>---------------]  43%
 375/855 [============>---------------]  43%
 379/855 [============>---------------]  44%
 383/855 [============>---------------]  44%
 388/855 [============>---------------]  45%
 393/855 [============>---------------]  45%
 398/855 [=============>--------------]  46%
 402/855 [=============>--------------]  47%
 406/855 [=============>--------------]  47%
 411/855 [=============>--------------]  48%
 416/855 [=============>--------------]  48%
 421/855 [=============>--------------]  49%
 425/855 [=============>--------------]  49%
 428/855 [==============>-------------]  50%
 433/855 [==============>-------------]  50%
 436/855 [==============>-------------]  50%
 440/855 [==============>-------------]  51%
 442/855 [==============>-------------]  51%
 444/855 [==============>-------------]  51%
 448/855 [==============>-------------]  52%
 453/855 [==============>-------------]  52%
 458/855 [==============>-------------]  53%
 463/855 [===============>------------]  54%
 467/855 [===============>------------]  54%
 472/855 [===============>------------]  55%
 477/855 [===============>------------]  55%
 480/855 [===============>------------]  56%
 484/855 [===============>------------]  56%
 489/855 [================>-----------]  57%
 494/855 [================>-----------]  57%
 497/855 [================>-----------]  58%
 499/855 [================>-----------]  58%
 501/855 [================>-----------]  58%
 503/855 [================>-----------]  58%
 505/855 [================>-----------]  59%
 507/855 [================>-----------]  59%
 509/855 [================>-----------]  59%
 511/855 [================>-----------]  59%
 513/855 [================>-----------]  60%
 515/855 [================>-----------]  60%
 517/855 [================>-----------]  60%
 519/855 [================>-----------]  60%
 521/855 [=================>----------]  60%
 523/855 [=================>----------]  61%
 526/855 [=================>----------]  61%
 529/855 [=================>----------]  61%
 532/855 [=================>----------]  62%
 534/855 [=================>----------]  62%
 536/855 [=================>----------]  62%
 538/855 [=================>----------]  62%
 540/855 [=================>----------]  63%
 542/855 [=================>----------]  63%
 545/855 [=================>----------]  63%
 548/855 [=================>----------]  64%
 550/855 [==================>---------]  64%
 553/855 [==================>---------]  64%
 555/855 [==================>---------]  64%
 557/855 [==================>---------]  65%
 560/855 [==================>---------]  65%
 562/855 [==================>---------]  65%
 564/855 [==================>---------]  65%
 567/855 [==================>---------]  66%
 570/855 [==================>---------]  66%
 572/855 [==================>---------]  66%
 575/855 [==================>---------]  67%
 577/855 [==================>---------]  67%
 580/855 [==================>---------]  67%
 583/855 [===================>--------]  68%
 585/855 [===================>--------]  68%
 587/855 [===================>--------]  68%
 592/855 [===================>--------]  69%
 596/855 [===================>--------]  69%
 599/855 [===================>--------]  70%
 603/855 [===================>--------]  70%
 608/855 [===================>--------]  71%
 612/855 [====================>-------]  71%
 617/855 [====================>-------]  72%
 621/855 [====================>-------]  72%
 626/855 [====================>-------]  73%
 630/855 [====================>-------]  73%
 634/855 [====================>-------]  74%
 638/855 [====================>-------]  74%
 642/855 [=====================>------]  75%
 646/855 [=====================>------]  75%
 650/855 [=====================>------]  76%
 654/855 [=====================>------]  76%
 658/855 [=====================>------]  76%
 663/855 [=====================>------]  77%
 666/855 [=====================>------]  77%
 670/855 [=====================>------]  78%
 674/855 [======================>-----]  78%
 677/855 [======================>-----]  79%
 681/855 [======================>-----]  79%
 684/855 [======================>-----]  80%
 688/855 [======================>-----]  80%
 692/855 [======================>-----]  80%
 697/855 [======================>-----]  81%
 700/855 [======================>-----]  81%
 704/855 [=======================>----]  82%
 708/855 [=======================>----]  82%
 713/855 [=======================>----]  83%
 717/855 [=======================>----]  83%
 721/855 [=======================>----]  84%
 723/855 [=======================>----]  84%
 726/855 [=======================>----]  84%
 728/855 [=======================>----]  85%
 731/855 [=======================>----]  85%
 735/855 [========================>---]  85%
 740/855 [========================>---]  86%
 744/855 [========================>---]  87%
 748/855 [========================>---]  87%
 753/855 [========================>---]  88%
 757/855 [========================>---]  88%
 761/855 [========================>---]  89%
 765/855 [=========================>--]  89%
 770/855 [=========================>--]  90%
 774/855 [=========================>--]  90%
 779/855 [=========================>--]  91%
 784/855 [=========================>--]  91%
 788/855 [=========================>--]  92%
 792/855 [=========================>--]  92%
 797/855 [==========================>-]  93%
 801/855 [==========================>-]  93%
 805/855 [==========================>-]  94%
 808/855 [==========================>-]  94%
 812/855 [==========================>-]  94%
 817/855 [==========================>-]  95%
 822/855 [==========================>-]  96%
 827/855 [===========================>]  96%
 832/855 [===========================>]  97%
 837/855 [===========================>]  97%
 842/855 [===========================>]  98%
 847/855 [===========================>]  99%
 853/855 [===========================>]  99%
 855/855 [============================] 100%