   0/855 [>---------------------------]   0%
   4/855 [>---------------------------]   0%
   7/855 [>---------------------------]   0%
  11/855 [>---------------------------]   1%
  13/855 [>---------------------------]   1%
  17/855 [>---------------------------]   1%
  19/855 [>---------------------------]   2%
  22/855 [>---------------------------]   2%
  27/855 [>---------------------------]   3%
  31/855 [=>--------------------------]   3%
  35/855 [=>--------------------------]   4%
  39/855 [=>--------------------------]   4%
  44/855 [=>--------------------------]   5%
  49/855 [=>--------------------------]   5%
  53/855 [=>--------------------------]   6%
  56/855 [=>--------------------------]   6%
  61/855 [=>--------------------------]   7%
  65/855 [==>-------------------------]   7%
  70/855 [==>-------------------------]   8%
  74/855 [==>-------------------------]   8%
  78/855 [==>-------------------------]   9%
  82/855 [==>-------------------------]   9%
  86/855 [==>-------------------------]  10%
  90/855 [==>-------------------------]  10%
  93/855 [===>------------------------]  10%
  96/855 [===>------------------------]  11%
 100/855 [===>------------------------]  11%
 104/855 [===>------------------------]  12%
 107/855 [===>------------------------]  12%
 111/855 [===>------------------------]  12%
 115/855 [===>------------------------]  13%
 118/855 [===>------------------------]  13%
 122/855 [===>------------------------]  14%
 125/855 [====>-----------------------]  14%
 128/855 [====>-----------------------]  14%
 132/855 [====>-----------------------]  15%
 136/855 [====>-----------------------]  15%
 139/855 [====>-----------------------]  16%
 143/855 [====>-----------------------]  16%
 147/855 [====>-----------------------]  17%
 151/855 [====>-----------------------]  17%
 155/855 [=====>----------------------]  18%
 159/855 [=====>----------------------]  18%
 162/855 [=====>----------------------]  18%
 165/855 [=====>----------------------]  19%
 169/855 [=====>----------------------]  19%
 171/855 [=====>----------------------]  20%
 175/855 [=====>----------------------]  20%
 179/855 [=====>----------------------]  20%
 183/855 [=====>----------------------]  21%
 186/855 [======>---------------------]  21%
 190/855 [======>---------------------]  22%
 194/855 [======>---------------------]  22%
 197/855 [======>---------------------]  23%
 201/855 [======>---------------------]  23%
 204/855 [======>---------------------]  23%
 206/855 [======>---------------------]  24%
 211/855 [======>---------------------]  24%
 215/855 [=======>--------------------]  25%
 219/855 [=======>--------------------]  25%
 223/855 [=======>--------------------]  26%
 226/855 [=======>--------------------]  26%
 229/855 [=======>--------------------]  26%
 233/855 [=======>--------------------]  27%
 238/855 [=======>--------------------]  27%
 242/855 [=======>--------------------]  28%
 246/855 [========>-------------------]  28%
 250/855 [========>-------------------]  29%
 255/855 [========>-------------------]  29%
 257/855 [========>-------------------]  30%
 262/855 [========>-------------------]  30%
 267/855 [========>-------------------]  31%
 269/855 [========>-------------------]  31%
 273/855 [========>-------------------]  31%
 278/855 [=========>------------------]  32%
 282/855 [=========>------------------]  32%
 285/855 [=========>------------------]  33%
 290/855 [=========>------------------]  33%
 294/855 [=========>------------------]  34%
 299/855 [=========>------------------]  34%
 303/855 [=========>------------------]  35%
 308/855 [==========>-----------------]  36%
 312/855 [==========>-----------------]  36%
 316/855 [==========>-----------------]  36%
 321/855 [==========>-----------------]  37%
 326/855 [==========>-----------------]  38%
 331/855 [==========>-----------------]  38%
 336/855 [===========>----------------]  39%
 341/855 [===========>----------------]  39%
 342/855 [===========>----------------]  40%
 345/855 [===========>----------------]  40%
 348/855 [===========>----------------]  40%
 351/855 [===========>----------------]  41%
 355/855 [===========>----------------]  41%
 356/855 [===========>----------------]  41%
 358/855 [===========>----------------]  41%
 363/855 [===========>----------------]  42%
 368/855 [============>---------------]  43%
 373/855 [============>---------------]  43%
 376/855 [============>---------------]  43%
 379/855 [============>---------------]  44%
 381/855 [============>---------------]  44%
 382/855 [============>---------------]  44%
 384/855 [============>---------------]  44%
 386/855 [============>---------------]  45%
 388/855 [============>---------------]  45%
 390/855 [============>---------------]  45%
 392/855 [============>---------------]  45%
 394/855 [============>---------------]  46%
 396/855 [============>---------------]  46%
 398/855 [=============>--------------]  46%
 400/855 [=============>--------------]  46%
 402/855 [=============>--------------]  47%
 404/855 [=============>--------------]  47%
 406/855 [=============>--------------]  47%
 407/855 [=============>--------------]  47%
 409/855 [=============>--------------]  47%
 411/855 [=============>--------------]  48%
 413/855 [=============>--------------]  48%
 415/855 [=============>--------------]  48%
 417/855 [=============>--------------]  48%
 422/855 [=============>--------------]  49%
 427/855 [=============>--------------]  49%
 428/855 [==============>-------------]  50%
 432/855 [==============>-------------]  50%
 436/855 [==============>-------------]  50%
 441/855 [==============>-------------]  51%
 445/855 [==============>-------------]  52%
 449/855 [==============>-------------]  52%
 453/855 [==============>-------------]  52%
 457/855 [==============>-------------]  53%
 461/855 [===============>------------]  53%
 465/855 [===============>------------]  54%
 469/855 [===============>------------]  54%
 473/855 [===============>------------]  55%
 477/855 [===============>------------]  55%
 481/855 [===============>------------]  56%
 485/855 [===============>------------]  56%
 490/855 [================>-----------]  57%
 494/855 [================>-----------]  57%
 499/855 [================>-----------]  58%
 504/855 [================>-----------]  58%
 509/855 [================>-----------]  59%
 512/855 [================>-----------]  59%
 513/855 [================>-----------]  60%
 517/855 [================>-----------]  60%
 521/855 [=================>----------]  60%
 526/855 [=================>----------]  61%
 530/855 [=================>----------]  61%
 535/855 [=================>----------]  62%
 539/855 [=================>----------]  63%
 543/855 [=================>----------]  63%
 547/855 [=================>----------]  63%
 551/855 [==================>---------]  64%
 556/855 [==================>---------]  65%
 560/855 [==================>---------]  65%
 563/855 [==================>---------]  65%
 567/855 [==================>---------]  66%
 571/855 [==================>---------]  66%
 575/855 [==================>---------]  67%
 580/855 [==================>---------]  67%
 585/855 [===================>--------]  68%
 590/855 [===================>--------]  69%
 594/855 [===================>--------]  69%
 598/855 [===================>--------]  69%
 599/855 [===================>--------]  70%
 604/855 [===================>--------]  70%
 609/855 [===================>--------]  71%
 614/855 [====================>-------]  71%
 618/855 [====================>-------]  72%
 622/855 [====================>-------]  72%
 626/855 [====================>-------]  73%
 631/855 [====================>-------]  73%
 635/855 [====================>-------]  74%
 640/855 [====================>-------]  74%
 645/855 [=====================>------]  75%
 650/855 [=====================>------]  76%
 654/855 [=====================>------]  76%
 659/855 [=====================>------]  77%
 664/855 [=====================>------]  77%
 668/855 [=====================>------]  78%
 673/855 [======================>-----]  78%
 677/855 [======================>-----]  79%
 680/855 [======================>-----]  79%
 683/855 [======================>-----]  79%
 684/855 [======================>-----]  80%
 688/855 [======================>-----]  80%
 691/855 [======================>-----]  80%
 695/855 [======================>-----]  81%
 699/855 [======================>-----]  81%
 704/855 [=======================>----]  82%
 707/855 [=======================>----]  82%
 709/855 [=======================>----]  82%
 712/855 [=======================>----]  83%
 716/855 [=======================>----]  83%
 720/855 [=======================>----]  84%
 724/855 [=======================>----]  84%
 728/855 [=======================>----]  85%
 732/855 [=======================>----]  85%
 735/855 [========================>---]  85%
 739/855 [========================>---]  86%
 744/855 [========================>---]  87%
 747/855 [========================>---]  87%
 750/855 [========================>---]  87%
 755/855 [========================>---]  88%
 760/855 [========================>---]  88%
 764/855 [=========================>--]  89%
 768/855 [=========================>--]  89%
 770/855 [=========================>--]  90%
 774/855 [=========================>--]  90%
 778/855 [=========================>--]  90%
 783/855 [=========================>--]  91%
 786/855 [=========================>--]  91%
 790/855 [=========================>--]  92%
 794/855 [==========================>-]  92%
 798/855 [==========================>-]  93%
 803/855 [==========================>-]  93%
 806/855 [==========================>-]  94%
 810/855 [==========================>-]  94%
 815/855 [==========================>-]  95%
 820/855 [==========================>-]  95%
 824/855 [==========================>-]  96%
 829/855 [===========================>]  96%
 834/855 [===========================>]  97%
 838/855 [===========================>]  98%
 843/855 [===========================>]  98%
 848/855 [===========================>]  99%
 853/855 [===========================>]  99%
 855/855 [============================] 100%