   0/855 [>---------------------------]   0%
   1/855 [>---------------------------]   0%
   6/855 [>---------------------------]   0%
   8/855 [>---------------------------]   0%
  12/855 [>---------------------------]   1%
  16/855 [>---------------------------]   1%
  20/855 [>---------------------------]   2%
  24/855 [>---------------------------]   2%
  29/855 [>---------------------------]   3%
  34/855 [=>--------------------------]   3%
  39/855 [=>--------------------------]   4%
  44/855 [=>--------------------------]   5%
  49/855 [=>--------------------------]   5%
  54/855 [=>--------------------------]   6%
  58/855 [=>--------------------------]   6%
  63/855 [==>-------------------------]   7%
  68/855 [==>-------------------------]   7%
  73/855 [==>-------------------------]   8%
  78/855 [==>-------------------------]   9%
  83/855 [==>-------------------------]   9%
  86/855 [==>-------------------------]  10%
  90/855 [==>-------------------------]  10%
  95/855 [===>------------------------]  11%
 100/855 [===>------------------------]  11%
 105/855 [===>------------------------]  12%
 109/855 [===>------------------------]  12%
 113/855 [===>------------------------]  13%
 118/855 [===>------------------------]  13%
 121/855 [===>------------------------]  14%
 125/855 [====>-----------------------]  14%
 130/855 [====>-----------------------]  15%
 135/855 [====>-----------------------]  15%
 139/855 [====>-----------------------]  16%
 143/855 [====>-----------------------]  16%
 147/855 [====>-----------------------]  17%
 151/855 [====>-----------------------]  17%
 156/855 [=====>----------------------]  18%
 160/855 [=====>----------------------]  18%
 164/855 [=====>----------------------]  19%
 167/855 [=====>----------------------]  19%
 168/855 [=====>----------------------]  19%
 171/855 [=====>----------------------]  20%
 174/855 [=====>----------------------]  20%
 176/855 [=====>----------------------]  20%
 179/855 [=====>----------------------]  20%
 184/855 [======>---------------------]  21%
 189/855 [======>---------------------]  22%
 194/855 [======>---------------------]  22%
 199/855 [======>---------------------]  23%
 204/855 [======>---------------------]  23%
 209/855 [======>---------------------]  24%
 213/855 [======>---------------------]  24%
 216/855 [=======>--------------------]  25%
 219/855 [=======>--------------------]  25%
 223/855 [=======>--------------------]  26%
 227/855 [=======>--------------------]  26%
 230/855 [=======>--------------------]  26%
 233/855 [=======>--------------------]  27%
 236/855 [=======>--------------------]  27%
 239/855 [=======>--------------------]  27%
 244/855 [=======>--------------------]  28%
 248/855 [========>-------------------]  29%
 253/855 [========>-------------------]  29%
 257/855 [========>-------------------]  30%
 262/855 [========>-------------------]  30%
 266/855 [========>-------------------]  31%
 271/855 [========>-------------------]  31%
 276/855 [=========>------------------]  32%
 280/855 [=========>------------------]  32%
 285/855 [=========>------------------]  33%
 290/855 [=========>------------------]  33%
 293/855 [=========>------------------]  34%
 297/855 [=========>------------------]  34%
 300/855 [=========>------------------]  35%
 303/855 [=========>------------------]  35%
 306/855 [==========>-----------------]  35%
 311/855 [==========>-----------------]  36%
 316/855 [==========>-----------------]  36%
 320/855 [==========>-----------------]  37%
 325/855 [==========>-----------------]  38%
 330/855 [==========>-----------------]  38%
 335/855 [==========>-----------------]  39%
 339/855 [===========>----------------]  39%
 342/855 [===========>----------------]  40%
 346/855 [===========>----------------]  40%
 351/855 [===========>----------------]  41%
 353/855 [===========>----------------]  41%
 357/855 [===========>----------------]  41%
 362/855 [===========>----------------]  42%
 366/855 [===========>----------------]  42%
 371/855 [============>---------------]  43%
 375/855 [============>---------------]  43%
 380/855 [============>---------------]  44%
 385/855 [============>---------------]  45%
 390/855 [============>---------------]  45%
 394/855 [============>---------------]  46%
 399/855 [=============>--------------]  46%
 404/855 [=============>--------------]  47%
 409/855 [=============>--------------]  47%
 413/855 [=============>--------------]  48%
 418/855 [=============>--------------]  48%
 423/855 [=============>--------------]  49%
 428/855 [==============>-------------]  50%
 432/855 [==============>-------------]  50%
 436/855 [==============>-------------]  50%
 439/855 [==============>-------------]  51%
 443/855 [==============>-------------]  51%
 446/855 [==============>-------------]  52%
 449/855 [==============>-------------]  52%
 453/855 [==============>-------------]  52%
 458/855 [==============>-------------]  53%
 462/855 [===============>------------]  54%
 467/855 [===============>------------]  54%
 471/855 [===============>------------]  55%
 476/855 [===============>------------]  55%
 480/855 [===============>------------]  56%
 485/855 [===============>------------]  56%
 490/855 [================>-----------]  57%
 494/855 [================>-----------]  57%
 498/855 [================>-----------]  58%
 503/855 [================>-----------]  58%
 505/855 [================>-----------]  59%
 507/855 [================>-----------]  59%
 509/855 [================>-----------]  59%
 511/855 [================>-----------]  59%
 513/855 [================>-----------]  60%
 515/855 [================>-----------]  60%
 517/855 [================>-----------]  60%
 519/855 [================>-----------]  60%
 521/855 [=================>----------]  60%
 523/855 [=================>----------]  61%
 525/855 [=================>----------]  61%
 527/855 [=================>----------]  61%
 529/855 [=================>----------]  61%
 531/855 [=================>----------]  62%
 533/855 [=================>----------]  62%
 536/855 [=================>----------]  62%
 539/855 [=================>----------]  63%
 542/855 [=================>----------]  63%
 544/855 [=================>----------]  63%
 547/855 [=================>----------]  63%
 550/855 [==================>---------]  64%
 553/855 [==================>---------]  64%
 556/855 [==================>---------]  65%
 559/855 [==================>---------]  65%
 561/855 [==================>---------]  65%
 564/855 [==================>---------]  65%
 567/855 [==================>---------]  66%
 570/855 [==================>---------]  66%
 572/855 [==================>---------]  66%
 575/855 [==================>---------]  67%
 578/855 [==================>---------]  67%
 581/855 [===================>--------]  67%
 583/855 [===================>--------]  68%
 586/855 [===================>--------]  68%
 589/855 [===================>--------]  68%
 592/855 [===================>--------]  69%
 595/855 [===================>--------]  69%
 598/855 [===================>--------]  69%
 599/855 [===================>--------]  70%
 604/855 [===================>--------]  70%
 609/855 [===================>--------]  71%
 614/855 [====================>-------]  71%
 619/855 [====================>-------]  72%
 624/855 [====================>-------]  72%
 629/855 [====================>-------]  73%
 634/855 [====================>-------]  74%
 639/855 [====================>-------]  74%
 644/855 [=====================>------]  75%
 648/855 [=====================>------]  75%
 652/855 [=====================>------]  76%
 657/855 [=====================>------]  76%
 662/855 [=====================>------]  77%
 666/855 [=====================>------]  77%
 671/855 [=====================>------]  78%
 676/855 [======================>-----]  79%
 681/855 [======================>-----]  79%
 684/855 [======================>-----]  80%
 689/855 [======================>-----]  80%
 694/855 [======================>-----]  81%
 698/855 [======================>-----]  81%
 703/855 [=======================>----]  82%
 707/855 [=======================>----]  82%
 712/855 [=======================>----]  83%
 717/855 [=======================>----]  83%
 722/855 [=======================>----]  84%
 727/855 [=======================>----]  85%
 732/855 [=======================>----]  85%
 737/855 [========================>---]  86%
 742/855 [========================>---]  86%
 747/855 [========================>---]  87%
 750/855 [========================>---]  87%
 753/855 [========================>---]  88%
 756/855 [========================>---]  88%
 760/855 [========================>---]  88%
 765/855 [=========================>--]  89%
 770/855 [=========================>--]  90%
 774/855 [=========================>--]  90%
 779/855 [=========================>--]  91%
 783/855 [=========================>--]  91%
 788/855 [=========================>--]  92%
 792/855 [=========================>--]  92%
 796/855 [==========================>-]  93%
 801/855 [==========================>-]  93%
 806/855 [==========================>-]  94%
 811/855 [==========================>-]  94%
 816/855 [==========================>-]  95%
 821/855 [==========================>-]  96%
 826/855 [===========================>]  96%
 831/855 [===========================>]  97%
 834/855 [===========================>]  97%
 839/855 [===========================>]  98%
 843/855 [===========================>]  98%
 848/855 [===========================>]  99%
 851/855 [===========================>]  99%
 855/855 [============================] 100%